=== stage0 ===
{
  "stage": 0,
  "host": {
    "arch": "arm64",
    "container_arch": "",
    "ha_version": "homeassistant/home-assistant:2026.7.4",
    "cap_eff_hex": null,
    "cap_linux_immutable": false,
    "cap_bpf": false,
    "cap_sys_admin": false,
    "binfmt_misc_empty": true
  },
  "reset": {
    "db_wiped": true,
    "anchor_append_only": false
  },
  "p1_install": {
    "placement": "P1",
    "ok": false,
    "detail": ""
  },
  "boot": {
    "started": true,
    "envelope": "pi5_4g",
    "image": "homeassistant/home-assistant:2026.7.4",
    "error": null
  },
  "wait": {
    "started": false,
    "seconds": 240,
    "error": "timeout"
  },
  "determinism": {
    "testable": true,
    "byte_identical": true
  },
  "GATE_PASS": true,
  "_digest": "ca10c15c2e0ce98cabf0f6bfbbfbc7b213ed2938777b41b11d3ee249a2003c8f"
}
-> <artifact-root>/exp/out/stage0_1787281929.json
97"
}
-> <artifact-root>/exp/out/stage0_1787281877.json
STAGE0 exit=0
